---
http_interactions:
- request:
    method: get
    uri: <%= url %>
    body:
      encoding: US-ASCII
      string: ''
    headers: {}
  response:
    status:
      code: 200
      message: OK
    headers:
      Date:
      - Tue, 10 Sep 2013 13:22:42 GMT
      Status:
      - 200 OK
      Connection:
      - close
      X-Frame-Options:
      - SAMEORIGIN
      X-Xss-Protection:
      - 1; mode=block
      X-Content-Type-Options:
      - nosniff
      X-Ua-Compatible:
      - chrome=1
      Content-Type:
      - application/json; charset=utf-8
      Etag:
      - '"7f9fa23189be82d9f07d1f435cb451fb"'
      Cache-Control:
      - max-age=0, private, must-revalidate
      X-Request-Id:
      - 2e0bf247-9120-4b51-b7d8-da52c6641f71
      X-Runtime:
      - '0.009514'
      Transfer-Encoding:
      - chunked
    body:
      encoding: UTF-8
      string: <%= report.to_json %>
    http_version:
  recorded_at: Tue, 10 Sep 2013 13:22:42 GMT
- request:
    method: get
    uri: <%= aws_s3_metadata_url %>
    body:
      encoding: US-ASCII
      string: ''
    headers:
      Content-Type:
      - ''
      Accept-Encoding:
      - ''
      User-Agent:
      - aws-sdk-ruby/1.29.0 ruby/2.0.0 x86_64-linux
      Date:
      - Mon, 02 Dec 2013 14:16:15 GMT
      Authorization:
      - AWS aws_access_key_id:aws_secret_access_key=
      Accept:
      - '*/*'
  response:
    status:
      code: 200
      message: OK
    headers:
      X-Amz-Id-2:
      - yX36OIfG3C7aiAaFi+2ENzFcNB/F8IAsj08tXVM7iuobPG8O+MRzMPnLP80+h7QR
      X-Amz-Request-Id:
      - F97A13522DA7F02D
      Date:
      - Mon, 02 Dec 2013 14:16:18 GMT
      Last-Modified:
      - Mon, 02 Dec 2013 13:28:10 GMT
      Etag:
      - '"cf7aef6304e6ea458f4d7e0bb24b3acb"'
      Accept-Ranges:
      - bytes
      Content-Type:
      - application/octet-stream
      Content-Length:
      - '27'
      Server:
      - AmazonS3
    body:
      encoding: UTF-8
      string: |
        {"last_invoice_number":40}
    http_version:
  recorded_at: Mon, 02 Dec 2013 14:16:17 GMT
- request:
    method: put
    uri: <%= aws_s3_metadata_url %>
    body:
      encoding: ASCII-8BIT
      string: '{"last_invoice_number":40}'
    headers:
      Content-Type:
      - ''
      Accept-Encoding:
      - ''
      Content-Length:
      - '26'
      User-Agent:
      - aws-sdk-ruby/1.29.0 ruby/2.0.0 x86_64-linux
      Date:
      - Mon, 02 Dec 2013 14:53:50 GMT
      Authorization:
      - AWS aws_access_key_id:aws_secret_access_key=
      Accept:
      - '*/*'
  response:
    status:
      code: 200
      message: OK
    headers:
      X-Amz-Id-2:
      - WImQKPr3r3xUCUtv0Qpny0zWW856v3dlZQDvCZFxaVscIuTNYteGNwHT/qTO2EOw
      X-Amz-Request-Id:
      - 713BC73375AB3566
      Date:
      - Mon, 02 Dec 2013 14:53:53 GMT
      Etag:
      - '"f44841b14649ec3ee803e96406d4c1b8"'
      Content-Length:
      - '0'
      Server:
      - AmazonS3
    body:
      encoding: UTF-8
      string: ''
    http_version:
  recorded_at: Mon, 02 Dec 2013 14:53:53 GMT
recorded_with: VCR 2.5.0
